C51 COMPILER V9.60.7.0   UART_TXRX                                                         07/30/2025 14:06:45 PAGE 1   


C51 COMPILER V9.60.7.0, COMPILATION OF MODULE UART_TXRX
OBJECT MODULE PLACED IN .\Objects\uart_txrx.obj
COMPILER INVOKED BY: C:\Keil_v5\C51\BIN\C51.EXE uart_txrx.c OPTIMIZE(8,SPEED) BROWSE DEBUG OBJECTEXTEND PRINT(.\Listings
                    -\uart_txrx.lst) TABS(2) OBJECT(.\Objects\uart_txrx.obj)

line level    source

   1          #include <reg52.h>
   2          #define lcd P2
   3          sbit rs=P1^0;
   4          sbit rw=P1^1;
   5          sbit en=P1^2;
   6          sbit led=P0^0;
   7          
   8          void delay();
   9          void lcd_cmd(int x);
  10          void lcd_data(unsigned char c);
  11          void lcd_init();
  12          void send(unsigned char *s);
  13          
  14          void lcd_init(){
  15   1        lcd_cmd(0x38);
  16   1        delay() ;
  17   1        lcd_cmd(0x01);
  18   1        delay();
  19   1        lcd_cmd(0x80);
  20   1        delay();
  21   1        lcd_cmd(0x0c);
  22   1        delay();
  23   1      }
  24          void lcd_cmd(int x){
  25   1        en=1;
  26   1        rs=0;
  27   1        rw=0;
  28   1        lcd=x;
  29   1        delay();
  30   1        en=0;
  31   1      }
  32          
  33          void lcd_data(unsigned char c){
  34   1        en=1;
  35   1        rs=1;
  36   1        rw=0;
  37   1        lcd=c;
  38   1        delay();
  39   1        en=0;
  40   1      }
  41          
  42          void send(unsigned char *s){
  43   1      
  44   1        while(*s)
  45   1          {
  46   2        lcd_data(*s);
  47   2        SBUF = *s++;
  48   2        while(TI==0);
  49   2        TI = 0;
  50   2      
  51   2        }
  52   1      }
  53          
  54            
C51 COMPILER V9.60.7.0   UART_TXRX                                                         07/30/2025 14:06:45 PAGE 2   

  55              
  56            
  57            
  58          
  59          void delay(){
  60   1         int i,j;
  61   1        for(i=0;i<5000;i++){
  62   2         for(j=0;j<500;j++);
  63   2        }
  64   1       }
  65          
  66           int main()
  67           {
  68   1        unsigned char ch;
  69   1        TMOD=0x20;
  70   1        SCON=0x50;
  71   1        TH1=0xfd;
  72   1        TR1=1;
  73   1        lcd_init();
  74   1        lcd_cmd(0x80);
  75   1         
  76   1         send("helloo\r\n");
  77   1         
  78   1        while(1){ 
  79   2        while(RI==0);
  80   2         ch=SBUF;
  81   2        RI=0;
  82   2        
  83   2        lcd_data(ch);
  84   2        
  85   2        //transmit received data 
  86   2        SBUF=ch ;  
  87   2        while(TI==0);
  88   2        TI=0;
  89   2      
  90   2      }
  91   1        return 0;
  92   1       }
  93           
  94             
*** WARNING C294 IN LINE 91 OF uart_txrx.c: unreachable code


MODULE INFORMATION:   STATIC OVERLAYABLE
   CODE SIZE        =    198    ----
   CONSTANT SIZE    =      9    ----
   XDATA SIZE       =   ----    ----
   PDATA SIZE       =   ----    ----
   DATA SIZE        =   ----       4
   IDATA SIZE       =   ----    ----
   BIT SIZE         =   ----    ----
END OF MODULE INFORMATION.


C51 COMPILATION COMPLETE.  1 WARNING(S),  0 ERROR(S)
